		<a class="elementor-element elementor-element-e8e55a1 e-div-block" data-id="e8e55a1" data-element_type="div-block" href="https://example.com" target="_blank">
				</a>
