					<img class="e-image-image-base "
									id="123"
												src="https://example.com/image.jpg"
						/>
			